{
  "schema_version": "1.0.0",
  "dimensions": [
    "product_brainstorm",
    "implementation_planning",
    "implementation_execution",
    "debugging",
    "independent_testing",
    "deterministic_verification",
    "architecture_enforcement",
    "evidence_review",
    "code_simplify",
    "dead_code_elimination",
    "commit_push_pr",
    "pr_ci_watch",
    "audit_receipt",
    "policy_learning",
    "compound_knowledge",
    "isolated_worktree",
    "host_neutrality",
    "human_gates",
    "benchmark_calibration"
  ],
  "workflows": [
    {
      "id": "clean-code",
      "name": "Clean Code",
      "total": 18.349999999999998,
      "max_possible": 19,
      "coverage": 0.9657894736842104,
      "scores": {
        "architecture_enforcement": 1,
        "audit_receipt": 1,
        "benchmark_calibration": 0.95,
        "code_simplify": 0.9,
        "commit_push_pr": 0.95,
        "compound_knowledge": 0.9,
        "dead_code_elimination": 1,
        "debugging": 0.95,
        "deterministic_verification": 1,
        "evidence_review": 1,
        "host_neutrality": 1,
        "human_gates": 1,
        "implementation_execution": 0.95,
        "implementation_planning": 0.95,
        "independent_testing": 1,
        "isolated_worktree": 0.95,
        "policy_learning": 1,
        "pr_ci_watch": 0.9,
        "product_brainstorm": 0.95
      },
      "skills": [
        "clean-brainstorm",
        "clean-plan",
        "clean-build",
        "clean-debug",
        "clean-test",
        "clean-simplify",
        "clean-verify",
        "clean-review",
        "clean-ship",
        "clean-watch-pr",
        "clean-audit",
        "clean-eval-discover",
        "clean-learn",
        "clean-compound",
        "clean-worktree",
        "clean-lfg"
      ],
      "notes": "Deterministic evidence, architecture, audit, and conditional bottom-up evaluation discovery; full shipping pipeline via clean-lfg."
    },
    {
      "id": "compound-engineering",
      "name": "Compound Engineering",
      "total": 13.100000000000001,
      "max_possible": 19,
      "coverage": 0.6894736842105263,
      "scores": {
        "architecture_enforcement": 0.3,
        "audit_receipt": 0,
        "benchmark_calibration": 0.4,
        "code_simplify": 0.9,
        "commit_push_pr": 1,
        "compound_knowledge": 1,
        "dead_code_elimination": 0.4,
        "debugging": 1,
        "deterministic_verification": 0.2,
        "evidence_review": 0.9,
        "host_neutrality": 0.5,
        "human_gates": 0.4,
        "implementation_execution": 1,
        "implementation_planning": 1,
        "independent_testing": 0.6,
        "isolated_worktree": 1,
        "policy_learning": 0.5,
        "pr_ci_watch": 1,
        "product_brainstorm": 1
      },
      "skills": [
        "ce-brainstorm",
        "ce-plan",
        "ce-work",
        "ce-debug",
        "ce-code-review",
        "ce-simplify-code",
        "ce-commit-push-pr",
        "ce-babysit-pr",
        "ce-compound",
        "ce-worktree",
        "lfg"
      ],
      "notes": "Strong planning-to-PR orchestration; weaker built-in deterministic verification and audit receipts."
    }
  ],
  "advantage": {
    "architecture_enforcement": 1,
    "audit_receipt": 1,
    "benchmark_calibration": 0.95,
    "code_simplify": 0.9,
    "commit_push_pr": 1,
    "compound_knowledge": 1,
    "dead_code_elimination": 1,
    "debugging": 1,
    "deterministic_verification": 1,
    "evidence_review": 1,
    "host_neutrality": 1,
    "human_gates": 1,
    "implementation_execution": 1,
    "implementation_planning": 1,
    "independent_testing": 1,
    "isolated_worktree": 1,
    "policy_learning": 1,
    "pr_ci_watch": 1,
    "product_brainstorm": 1
  },
  "summary": "Clean Code leads overall coverage at 97%; Compound Engineering at 69%. Clean Code total 18.3 vs Compound Engineering 13.1 (delta 5.2 on 19 dimensions)."
}
